(Module (Assign (targets (Name a)) (value (Num 1))))
