(Module
 (ClassDef
  (name One)
  (bases)
  (keywords)
  (starargs #f)
  (kwargs #f)
  (body (Pass))
  (decorator_list))
 (ClassDef
  (name Two)
  (bases)
  (keywords)
  (starargs #f)
  (kwargs #f)
  (body (Pass))
  (decorator_list))
 (ClassDef
  (name Three)
  (bases (Name First))
  (keywords)
  (starargs #f)
  (kwargs #f)
  (body (Pass))
  (decorator_list))
 (ClassDef
  (name Four)
  (bases (Name First))
  (keywords)
  (starargs #f)
  (kwargs #f)
  (body (Pass))
  (decorator_list))
 (ClassDef
  (name Five)
  (bases (Name First) (Name Second) (Name Third))
  (keywords)
  (starargs #f)
  (kwargs #f)
  (body (Pass))
  (decorator_list))
 (ClassDef
  (name Six)
  (bases (Name First) (Name Second) (Name Third))
  (keywords)
  (starargs #f)
  (kwargs #f)
  (body (Pass))
  (decorator_list))
 (ClassDef
  (name Seven)
  (bases (Name First))
  (keywords)
  (starargs (Name Second))
  (kwargs #f)
  (body (Pass))
  (decorator_list))
 (ClassDef
  (name _8)
  (bases (Name First))
  (keywords (Second (Name foo)) (Third (Name bar)))
  (starargs #f)
  (kwargs #f)
  (body (Pass))
  (decorator_list))
 (ClassDef
  (name _9)
  (bases)
  (keywords (First (Name foo)) (Third (Name quux)))
  (starargs (Name Second))
  (kwargs (Name Fourth))
  (body (Pass))
  (decorator_list))
 (ClassDef
  (name _10)
  (bases)
  (keywords)
  (starargs #f)
  (kwargs (Name First))
  (body (Pass))
  (decorator_list))
 (ClassDef
  (name _11)
  (bases)
  (keywords (second (Name foo)) (Third (Name bar)))
  (starargs (Name First))
  (kwargs (Name Fifth))
  (body (Pass))
  (decorator_list))
 (ClassDef
  (name _12)
  (bases)
  (keywords)
  (starargs (Name First))
  (kwargs #f)
  (body (Pass))
  (decorator_list))
 (ClassDef
  (name _13)
  (bases (Name lowercase))
  (keywords)
  (starargs #f)
  (kwargs #f)
  (body (Pass))
  (decorator_list))
 (ClassDef
  (name _14)
  (bases (Name PreFirst))
  (keywords (First (Name foo)) (Third (Name quux)))
  (starargs (Name Second))
  (kwargs (Name Fourth))
  (body (Pass))
  (decorator_list))
 (ClassDef
  (name _15)
  (bases (Name PreFirst))
  (keywords (First (Name foo)) (Third (Name quux)))
  (starargs (Name Second))
  (kwargs (Name Fourth))
  (body
   (Assign (targets (Name a)) (value (Num 1)))
   (Assign (targets (Name b)) (value (Num 2)))
   (Assign (targets (Name c)) (value (Num 3)))
   (Expr (BinOp (BinOp (Name a) Mult (Name b)) Mult (Name c))))
  (decorator_list))
 (ClassDef
  (name _16)
  (bases)
  (keywords)
  (starargs #f)
  (kwargs #f)
  (body (Pass))
  (decorator_list (Name _16d)))
 (ClassDef
  (name _17)
  (bases)
  (keywords)
  (starargs #f)
  (kwargs #f)
  (body (Pass))
  (decorator_list (Attribute (Attribute (Attribute (Name _17d) a) b) c)))
 (ClassDef
  (name _18)
  (bases)
  (keywords)
  (starargs #f)
  (kwargs #f)
  (body (Pass))
  (decorator_list
   (Call
    (func (Name _18d))
    (args (Name First))
    (keywords)
    (starargs #f)
    (kwargs #f))))
 (ClassDef
  (name _19)
  (bases)
  (keywords)
  (starargs #f)
  (kwargs #f)
  (body (Pass))
  (decorator_list
   (Call
    (func (Name _19d))
    (args (Name First))
    (keywords)
    (starargs #f)
    (kwargs #f))))
 (ClassDef
  (name _20)
  (bases)
  (keywords)
  (starargs #f)
  (kwargs #f)
  (body (Pass))
  (decorator_list
   (Call
    (func (Name _20d))
    (args (Name First) (Name Second) (Name Third))
    (keywords)
    (starargs #f)
    (kwargs #f))))
 (ClassDef
  (name _21)
  (bases)
  (keywords)
  (starargs #f)
  (kwargs #f)
  (body (Pass))
  (decorator_list
   (Call
    (func (Name _21d))
    (args (Name PreFirst))
    (keywords (First (Name foo)) (third (Name quux)))
    (starargs (Name second))
    (kwargs (Name fourth)))))
 (ClassDef
  (name _22)
  (bases)
  (keywords)
  (starargs #f)
  (kwargs #f)
  (body (Pass))
  (decorator_list
   (Call
    (func (Attribute (Attribute (Attribute (Name _22d) a) b) c))
    (args (Name PreFirst))
    (keywords (First (Name foo)) (third (Name quux)))
    (starargs (Name second))
    (kwargs (Name fourth)))))
 (ClassDef
  (name _23)
  (bases (Name PreFirst))
  (keywords (First (Name foo)) (Third (Name quux)))
  (starargs (Name Second))
  (kwargs (Name Fourth))
  (body
   (Assign (targets (Name a)) (value (Num 1)))
   (Assign (targets (Name b)) (value (Num 2)))
   (Assign (targets (Name c)) (value (Num 3)))
   (Expr (BinOp (BinOp (Name a) Mult (Name b)) Mult (Name c))))
  (decorator_list
   (Call
    (func (Attribute (Attribute (Attribute (Name _23d) a) b) c))
    (args (Name PreFirst))
    (keywords (First (Name foo)) (third (Name quux)))
    (starargs (Name second))
    (kwargs (Name fourth))))))
